> Task :compileJava UP-TO-DATE
> Task :processResources UP-TO-DATE
> Task :classes UP-TO-DATE
> Task :resolveMainClassName

> Task :bootRun

  .   ____          _            __ _ _
 /\\ / ___'_ __ _ _(_)_ __  __ _ \ \ \ \
( ( )\___ | '_ | '_| | '_ \/ _` | \ \ \ \
 \\/  ___)| |_)| | | | | || (_| |  ) ) ) )
  '  |____| .__|_| |_|_| |_\__, | / / / /
 =========|_|==============|___/=/_/_/_/

 :: Spring Boot ::               (v3.5.16)

2026-08-25T16:23:24.345+05:30  INFO 22792 --- [heail-backend] [           main] c.e.h.HeailBackendApplication            : Starting HeailBackendApplication using Java 21.0.12 with PID 22792 (D:\heail\heail-backend\build\classes\java\main started by ANANYA MATHUR in D:\heail\heail-backend)
2026-08-25T16:23:24.345+05:30  INFO 22792 --- [heail-backend] [           main] c.e.h.HeailBackendApplication            : No active profile set, falling back to 1 default profile: "default"
2026-08-25T16:23:24.376+05:30  INFO 22792 --- [heail-backend] [           main] .a.c.a.c.s.SecretsManagerPropertySources : Loading secrets from AWS Secret Manager secret with name: heail/backend, optional: false
2026-08-25T16:23:25.087+05:30  INFO 22792 --- [heail-backend] [           main] .s.d.r.c.RepositoryConfigurationDelegate : Bootstrapping Spring Data JPA repositories in DEFAULT mode.
2026-08-25T16:23:25.167+05:30  INFO 22792 --- [heail-backend] [           main] .s.d.r.c.RepositoryConfigurationDelegate : Finished Spring Data repository scanning in 73 ms. Found 25 JPA repository interfaces.
2026-08-25T16:23:25.662+05:30  INFO 22792 --- [heail-backend] [           main] o.s.b.w.embedded.tomcat.TomcatWebServer  : Tomcat initialized with port 8080 (http)
2026-08-25T16:23:25.683+05:30  INFO 22792 --- [heail-backend] [           main] o.apache.catalina.core.StandardService   : Starting service [Tomcat]
2026-08-25T16:23:25.683+05:30  INFO 22792 --- [heail-backend] [           main] o.apache.catalina.core.StandardEngine    : Starting Servlet engine: [Apache Tomcat/10.1.55]
2026-08-25T16:23:25.787+05:30  INFO 22792 --- [heail-backend] [           main] o.a.c.c.C.[Tomcat].[localhost].[/]       : Initializing Spring embedded WebApplicationContext
2026-08-25T16:23:25.787+05:30  INFO 22792 --- [heail-backend] [           main] w.s.c.ServletWebServerApplicationContext : Root WebApplicationContext: initialization completed in 1409 ms
2026-08-25T16:23:26.184+05:30  INFO 22792 --- [heail-backend] [           main] o.hibernate.jpa.internal.util.LogHelper  : HHH000204: Processing PersistenceUnitInfo [name: default]
2026-08-25T16:23:26.244+05:30  INFO 22792 --- [heail-backend] [           main] org.hibernate.Version                    : HHH000412: Hibernate ORM core version 6.6.53.Final
2026-08-25T16:23:26.313+05:30  INFO 22792 --- [heail-backend] [           main] o.h.c.internal.RegionFactoryInitiator    : HHH000026: Second-level cache disabled
2026-08-25T16:23:26.743+05:30  INFO 22792 --- [heail-backend] [           main] o.s.o.j.p.SpringPersistenceUnitInfo      : No LoadTimeWeaver setup: ignoring JPA class transformer
2026-08-25T16:23:26.776+05:30  INFO 22792 --- [heail-backend] [           main] com.zaxxer.hikari.HikariDataSource       : HikariPool-1 - Starting...
2026-08-25T16:23:27.849+05:30  INFO 22792 --- [heail-backend] [           main] com.zaxxer.hikari.pool.HikariPool        : HikariPool-1 - Added connection org.postgresql.jdbc.PgConnection@1cdb280b
2026-08-25T16:23:27.859+05:30  INFO 22792 --- [heail-backend] [           main] com.zaxxer.hikari.HikariDataSource       : HikariPool-1 - Start completed.
2026-08-25T16:23:28.005+05:30  WARN 22792 --- [heail-backend] [           main] org.hibernate.orm.deprecation            : HHH90000025: PostgreSQLDialect does not need to be specified explicitly using 'hibernate.dialect' (remove the property setting and it will be selected by default)
2026-08-25T16:23:28.312+05:30  INFO 22792 --- [heail-backend] [           main] org.hibernate.orm.connections.pooling    : HHH10001005: Database info:
	Database JDBC URL [Connecting through datasource 'HikariDataSource (HikariPool-1)']
	Database driver: undefined/unknown
	Database version: 17.6
	Autocommit mode: undefined/unknown
	Isolation level: undefined/unknown
	Minimum pool size: undefined/unknown
	Maximum pool size: undefined/unknown
2026-08-25T16:23:30.497+05:30  INFO 22792 --- [heail-backend] [           main] o.h.e.t.j.p.i.JtaPlatformInitiator       : HHH000489: No JTA platform available (set 'hibernate.transaction.jta.platform' to enable JTA platform integration)
2026-08-25T16:23:37.677+05:30  INFO 22792 --- [heail-backend] [           main] j.LocalContainerEntityManagerFactoryBean : Initialized JPA EntityManagerFactory for persistence unit 'default'
2026-08-25T16:23:38.460+05:30  INFO 22792 --- [heail-backend] [           main] o.s.d.j.r.query.QueryEnhancerFactory     : Hibernate is in classpath; If applicable, HQL parser will be used.
2026-08-25T16:23:40.398+05:30  WARN 22792 --- [heail-backend] [           main] JpaBaseConfiguration$JpaWebConfiguration : spring.jpa.open-in-view is enabled by default. Therefore, database queries may be performed during view rendering. Explicitly configure spring.jpa.open-in-view to disable this warning
2026-08-25T16:23:40.893+05:30  INFO 22792 --- [heail-backend] [           main] o.s.b.a.e.web.EndpointLinksResolver      : Exposing 1 endpoint beneath base path '/actuator'
2026-08-25T16:23:40.965+05:30  WARN 22792 --- [heail-backend] [           main] .s.s.UserDetailsServiceAutoConfiguration : 

Using generated security password: 4c6d4066-8746-4fb6-9407-8061b760b5f7

This generated password is for development use only. Your security configuration must be updated before running your application in production.

2026-08-25T16:23:40.977+05:30  INFO 22792 --- [heail-backend] [           main] r$InitializeUserDetailsManagerConfigurer : Global AuthenticationManager configured with UserDetailsService bean with name inMemoryUserDetailsManager
2026-08-25T16:23:41.793+05:30  INFO 22792 --- [heail-backend] [           main] o.s.b.w.embedded.tomcat.TomcatWebServer  : Tomcat started on port 8080 (http) with context path '/'
2026-08-25T16:23:41.825+05:30  INFO 22792 --- [heail-backend] [           main] c.e.h.HeailBackendApplication            : Started HeailBackendApplication in 18.962 seconds (process running for 19.257)
